// Jest Snapshot v1, https://goo.gl/fbAQLP

exports[`renders correctly 1`] = `
ShallowWrapper {
  "length": 1,
  Symbol(enzyme.__root__): [Circular],
  Symbol(enzyme.__unrendered__): <Footer />,
  Symbol(enzyme.__renderer__): Object {
    "batchedUpdates": [Function],
    "getNode": [Function],
    "render": [Function],
    "simulateEvent": [Function],
    "unmount": [Function],
  },
  Symbol(enzyme.__node__): Object {
    "instance": null,
    "key": undefined,
    "nodeType": "host",
    "props": Object {
      "children": Array [
        <div
          className="tmdb"
          dangerouslySetInnerHTML={
            Object {
              "__html": undefined,
            }
          }
        />,
        <a
          className="github"
          dangerouslySetInnerHTML={
            Object {
              "__html": undefined,
            }
          }
          href="https://github.com/lviit/themoviedb-react/"
        />,
      ],
      "className": "footer",
    },
    "ref": null,
    "rendered": Array [
      Object {
        "instance": null,
        "key": undefined,
        "nodeType": "host",
        "props": Object {
          "className": "tmdb",
          "dangerouslySetInnerHTML": Object {
            "__html": undefined,
          },
        },
        "ref": null,
        "rendered": null,
        "type": "div",
      },
      Object {
        "instance": null,
        "key": undefined,
        "nodeType": "host",
        "props": Object {
          "className": "github",
          "dangerouslySetInnerHTML": Object {
            "__html": undefined,
          },
          "href": "https://github.com/lviit/themoviedb-react/",
        },
        "ref": null,
        "rendered": null,
        "type": "a",
      },
    ],
    "type": "div",
  },
  Symbol(enzyme.__nodes__): Array [
    Object {
      "instance": null,
      "key": undefined,
      "nodeType": "host",
      "props": Object {
        "children": Array [
          <div
            className="tmdb"
            dangerouslySetInnerHTML={
              Object {
                "__html": undefined,
              }
            }
          />,
          <a
            className="github"
            dangerouslySetInnerHTML={
              Object {
                "__html": undefined,
              }
            }
            href="https://github.com/lviit/themoviedb-react/"
          />,
        ],
        "className": "footer",
      },
      "ref": null,
      "rendered": Array [
        Object {
          "instance": null,
          "key": undefined,
          "nodeType": "host",
          "props": Object {
            "className": "tmdb",
            "dangerouslySetInnerHTML": Object {
              "__html": undefined,
            },
          },
          "ref": null,
          "rendered": null,
          "type": "div",
        },
        Object {
          "instance": null,
          "key": undefined,
          "nodeType": "host",
          "props": Object {
            "className": "github",
            "dangerouslySetInnerHTML": Object {
              "__html": undefined,
            },
            "href": "https://github.com/lviit/themoviedb-react/",
          },
          "ref": null,
          "rendered": null,
          "type": "a",
        },
      ],
      "type": "div",
    },
  ],
  Symbol(enzyme.__options__): Object {
    "adapter": ReactSixteenAdapter {
      "options": Object {
        "enableComponentDidUpdateOnSetState": true,
      },
    },
  },
}
`;
