// Jest Snapshot v1, https://goo.gl/fbAQLP

exports[`renders correctly 1`] = `
<div>
  <div
    className="header"
  >
    <div
      className="navigation"
    >
      <button
        className="button material-icons"
      >
        arrow_back
      </button>
      <ul
        className="menu"
      >
        <li
          className="menuitem"
        >
          <NavLink
            activeClassName="active"
            ariaCurrent="true"
            className="menulink"
            exact={true}
            to="/"
          >
            Latest
          </NavLink>
        </li>
        <li
          className="menuitem"
        >
          <NavLink
            activeClassName="active"
            ariaCurrent="true"
            className="menulink"
            to="/genres"
          >
            Genres
          </NavLink>
        </li>
        <li
          className="menuitem"
        >
          <NavLink
            activeClassName="active"
            ariaCurrent="true"
            className="menulink"
            to="/about"
          >
            About
          </NavLink>
        </li>
      </ul>
      <button
        className="button material-icons"
        onClick={[Function]}
      >
        search
      </button>
    </div>
  </div>
  <React.Memo
    collapsed={false}
    toggleSearchBox={[Function]}
  />
</div>
`;
